// Jest Snapshot v1, https://goo.gl/fbAQLP

exports[`expense list item render 1`] = `
<div>
  <h2>
    <Link
      replace={false}
      to="/edit/1"
    >
      Gum
    </Link>
  </h2>
  <p>
    id: 
    <strong>
      1
    </strong>
  </p>
  <p>
    $1.95
    -
    January 1st, 1970
  </p>
  <p />
  <hr />
</div>
`;
